// Jest Snapshot v1, https://goo.gl/fbAQLP

exports[`Card Component renders correctly 1`] = `
<div
  className="sc-bdvvaa kCEU"
>
  <div
    className="sc-gsDJrp jKFXLn"
  >
    Card title
  </div>
  <div
    className="sc-dkPtyc gJUXbe"
  >
    <h1>
       Card Children 
    </h1>
  </div>
</div>
`;
